[     447ms] [INFO] Resetting invalid cookie language "undefined" to preferred language "en" @ https://getseat.net/app/vendor-f8eb785286.js:6
[     454ms] [LOG] DEBUG -> StateHandler : State transition from state:: to state:public.online.reservation: @ https://getseat.net/app/app-9049b6f280.js:5
[     506ms] [LOG] DEBUG -> OnlineProxyReservationController : Hashed locationId id is '8B932637' @ https://getseat.net/app/app-9049b6f280.js:5
[     506ms] [LOG] DEBUG -> OnlineReservationCreate : Query params, date:undefined, time:undefined, party_size:undefined. @ https://getseat.net/app/app-9049b6f280.js:5
[     556ms] [LOG] DEBUG -> OnlineProxyReservationController : Page: LEGACY, Params: locationId:8B932637, resRequest {date:undefined, time:undefined, party_size:undefined, productId:undefined }, reference: PROXY, channel:MERCHANT_WEB. @ https://getseat.net/app/app-9049b6f280.js:5
[     556ms] [LOG] DEBUG -> Local storage:MERCHANT_WEB : undefined @ https://getseat.net/app/app-9049b6f280.js:5
[     556ms] [LOG] DEBUG -> StateHandler : State transition from state:public.online.reservation: to state:public.online.legacy: @ https://getseat.net/app/app-9049b6f280.js:5
[     561ms] [LOG] DEBUG -> OnlineCreateLegacyController : Hashed locationId id is '8B932637' @ https://getseat.net/app/app-9049b6f280.js:5
[     611ms] [LOG] DEBUG -> OnlineCreateLegacyController : locale:en firstDay:0 @ https://getseat.net/app/app-9049b6f280.js:5
[     611ms] [LOG] DEBUG -> OnlineCreateLegacyController : Query params, date:undefined, time:undefined, party_size:undefined. @ https://getseat.net/app/app-9049b6f280.js:5
[13805664ms] [LOG] DEBUG -> StateHandler : State transition from state:: to state:home: @ https://getseat.net/app/app-9049b6f280.js:5
[13805707ms] [ERROR] Failed to load resource: the server responded with a status of 401 (Unauthorized) @ https://getseat.net/api/auth/account?cacheBuster=1784758850241:0
[13805707ms] [LOG] Page is / status=401 @ https://getseat.net/app/app-9049b6f280.js:5
[13805707ms] [LOG] Auth interceptor: Not Authenticated. @ https://getseat.net/app/app-9049b6f280.js:5
[13805708ms] [LOG] Params:[object Object] @ https://getseat.net/app/app-9049b6f280.js:5
[13805708ms] [LOG] DEBUG -> StateHandler : State transition from state:: to state:account.error: @ https://getseat.net/app/app-9049b6f280.js:5
[13805708ms] [LOG] DEBUG -> StateHandler : NotAuthenticated: Preventing transition from:: to:home:. Preventing transition. @ https://getseat.net/app/app-9049b6f280.js:5
[13805708ms] [LOG] DEBUG -> StateHandler : Params:[object Object] @ https://getseat.net/app/app-9049b6f280.js:5
[13805708ms] [LOG] DEBUG -> StateHandler : State transition from state:: to state:account.error: @ https://getseat.net/app/app-9049b6f280.js:5
[13805756ms] [LOG] AuthType is CLOVER Is Recoverable error true ErrorCode is 401 ErrorMessage is Not authenticated. ErrorTime is 1784758850332 @ https://getseat.net/app/app-9049b6f280.js:4
[13805756ms] [LOG] MerchantId is undefined EmployeeId is undefined ClientId is undefined @ https://getseat.net/app/app-9049b6f280.js:4
[13824681ms] [ERROR] Failed to load resource: the server responded with a status of 401 () @ https://www.clover.com/v3/accounts/current?expand=primaryDeveloper%2CprimaryEnterprise%2CprimaryMerchant%2CprimaryMerchant.properties%2CprimaryReseller&_=1784758869101:0
[13825130ms] [WARNING] Unsatisfied version 0 from web-portal-release_26Jun2026ServerWebCut-36f701403297f of shared singleton module react-router-6 (required =6.30.3) @ https://cloverstatic.com/web/apps/web-portal/release_26Jun2026ServerWebCut-36f701403297f/assets/js/main.90bfb5d4.js:1
[13825192ms] [ERROR] Framing 'https://services.sdiapi.com/' violates the following Content Security Policy directive: "frame-src 'self' mailto: tel: blob: data: https://ngapps.adp.com bentosandbox.com *.clover.com *.cloveronline.com cloverstatic.com dev.cloverstatic.com *.clover-online.co.uk sync-flow.codat.io *.cloveronline.com.au clover-portal.davosalestax.com https://www.doordash.com www.facebook.com https://connect2.finicity.com mainstreetinsights.firstdata.com connect.fiservapis.com connect-cert.fiservapis.com *.eids-ui-stageprod.aws.fisv.cloud getbento.com accounts.google.com docs.google.com optimize.google.com www.google.com maps.googleapis.com api-third-party-gtm.grubhub.com flows.gusto-demo.com flows.gusto.com intercom-sheets.com demo9.joinhomebase.com https://app.joinhomebase.com *.lendingfront.com localtest.me:8000 localtest.me:3003 billpay-clover.by.melio.com *.mydisputemanager.com *.netlify.app h.online-metrix.net *.optimizely.com *.cdn.optimizely.com *.perka.com *.qualtrics.com *.quantummetric.com play.vidyard.com player.vimeo.com *.walkme.com win-test-app.com:7301 www.youtube.com *.ytimg.com". The request has been blocked.
 @ https://vice-prod.sdiapi.com/:0
[13825223ms] [LOG] %cStop! color:red;font-size:50px;font-family:Roboto;text-shadow:1px 1px black; @ https://cloverstatic.com/web/apps/web-portal/release_26Jun2026ServerWebCut-36f701403297f/assets/js/4299.fcfb2685.chunk.js:0
[13825223ms] [LOG] %cThis is a browser feature intended for developers. If someone told you to copy-paste something here, it is a scam. font-size:24px;font-family:Roboto; @ https://cloverstatic.com/web/apps/web-portal/release_26Jun2026ServerWebCut-36f701403297f/assets/js/4299.fcfb2685.chunk.js:0
[13825245ms] [WARNING] Deprecation warning: use moment.updateLocale(localeName, config) to change an existing locale. moment.defineLocale(localeName, config) should only be used for creating a new locale See http://momentjs.com/guides/#/warnings/define-locale/ for more info. @ https://cloverstatic.com/web/apps/web-portal/release_26Jun2026ServerWebCut-36f701403297f/assets/js/9320.738d60f8.chunk.js:1
[13842100ms] [ERROR] Fetch API cannot load https://cloverstatic.com/web/apps/web-portal/release_26Jun2026ServerWebCut-36f701403297f/assets/js/2737.d5baf5ed.chunk.js. Request mode is "same-origin" but the URL's origin is not same as the request origin https://www.clover.com. @ https://vice-prod.sdiapi.com/vice_loader/cc164ae2-a864-45b7-a977-511becde3ecd/1e2aa7d2-fc68-4359-820e-bcde68c55404:2
[13842102ms] [ERROR] Fetch API cannot load https://cloverstatic.com/web/apps/web-portal/release_26Jun2026ServerWebCut-36f701403297f/assets/js/9320.738d60f8.chunk.js. Request mode is "same-origin" but the URL's origin is not same as the request origin https://www.clover.com. @ https://vice-prod.sdiapi.com/vice_loader/cc164ae2-a864-45b7-a977-511becde3ecd/1e2aa7d2-fc68-4359-820e-bcde68c55404:2
